Microchip MPLAB XC8 Compiler V1.38 ()

Linker command line:

-W-3 --edf=C:\Program Files (x86)\Microchip\xc8\v1.38\dat\en_msgs.txt -cs \
  -h+dist/default/production\project.X.production.sym \
  --cmf=dist/default/production\project.X.production.cmf -z -Q16F1509 \
  -oC:\Users\mquaizar\AppData\Local\Temp\s2qec.2 \
  -Mdist/default/production/project.X.production.map -E1 -ver=XC8 \
  -ASTACK=0201Ah-021efh -pstack=STACK -ACODE=00h-07FFhx4 \
  -ASTRCODE=00h-01FFFh -ASTRING=00h-0FFhx32 -ACONST=00h-0FFhx32 \
  -AENTRY=00h-0FFhx32 -ACOMMON=070h-07Fh -ABANK0=020h-06Fh \
  -ABANK1=0A0h-0EFh -ABANK2=0120h-016Fh -ABANK3=01A0h-01EFh \
  -ABANK4=0220h-026Fh -ABANK5=02A0h-02EFh -ABANK6=0320h-032Fh \
  -ABIGRAM=02000h-021EFh \
  -ARAM=020h-06Fh,0A0h-0EFh,0120h-016Fh,01A0h-01EFh,0220h-026Fh,02A0h-02EFh,0320h-032Fh \
  -AABS1=020h-07Fh,0A0h-0EFh,0120h-016Fh,01A0h-01EFh,0220h-026Fh,02A0h-02EFh,0320h-032Fh \
  -ASFR0=00h-01Fh -ASFR1=080h-09Fh -ASFR2=0100h-011Fh -ASFR3=0180h-019Fh \
  -ASFR4=0200h-021Fh -ASFR5=0280h-029Fh -ASFR6=0300h-031Fh \
  -ASFR7=0380h-03EFh -ASFR8=0400h-046Fh -ASFR9=0480h-04EFh \
  -ASFR10=0500h-056Fh -ASFR11=0580h-05EFh -ASFR12=0600h-066Fh \
  -ASFR13=0680h-06EFh -ASFR14=0700h-076Fh -ASFR15=0780h-07EFh \
  -ASFR16=0800h-086Fh -ASFR17=0880h-08EFh -ASFR18=0900h-096Fh \
  -ASFR19=0980h-09EFh -ASFR20=0A00h-0A6Fh -ASFR21=0A80h-0AEFh \
  -ASFR22=0B00h-0B6Fh -ASFR23=0B80h-0BEFh -ASFR24=0C00h-0C6Fh \
  -ASFR25=0C80h-0CEFh -ASFR26=0D00h-0D6Fh -ASFR27=0D80h-0DEFh \
  -ASFR28=0E00h-0E6Fh -ASFR29=0E80h-0EEFh -ASFR30=0F00h-0F6Fh \
  -ASFR31=0F80h-0FEFh -preset_vec=00h,intentry,init,end_init -ppowerup=CODE \
  -pcinit=CODE -pfunctab=CODE -ACONFIG=08007h-08008h -pconfig=CONFIG \
  -DCONFIG=2 -AIDLOC=08000h-08003h -pidloc=IDLOC -DIDLOC=2 -DCODE=2 \
  -DSTRCODE=2 -DSTRING=2 -DCONST=2 -DENTRY=2 -k \
  C:\Users\mquaizar\AppData\Local\Temp\s2qec.obj \
  dist/default/production\project.X.production.obj 

Object code version is 3.11

Machine type is 16F1509



                Name                               Link     Load   Length Selector   Space Scale
C:\Users\mquaizar\AppData\Local\Temp\s2qec.obj
                end_init                              2        2        2        0       0
                reset_vec                             0        0        2        0       0
dist/default/production\project.X.production.obj
                cinit                               7EA      7EA       16      FD4       0
                text9                               78F      78F       2A      F1E       0
                text8                               766      766       29      ECC       0
                text7                               748      748       1E      E90       0
                text6                               6D8      6D8        D      DB0       0
                text5                               6E5      6E5       13      DCA       0
                text4                               712      712       1B      E24       0
                text3                               72D      72D       1B      E5A       0
                text2                               6CF      6CF        9      D9E       0
                text1                               7B9      7B9       31      F72       0
                maintext                            6F8      6F8       1A      DF0       0
                cstackCOMMON                         70       70        9       70       1
                clrtext                             6C9      6C9        6      D92       0
                dataBANK0                            38       38        2       20       1
                bssBANK0                             20       20       18       20       1
                bssCOMMON                            79       79        4       70       1
                stringtext                          800      800       17     1000       0
                nvCOMMON                             7D       7D        1       70       1
                idataBANK0                          6C7      6C7        2      D8E       0

TOTAL           Name                               Link     Load   Length     Space
        CLASS   STACK          

        CLASS   CODE           
                end_init                              2        2        2         0
                cinit                               7EA      7EA       16         0
                reset_vec                             0        0        2         0
                text9                               78F      78F       2A         0
                text8                               766      766       29         0
                text7                               748      748       1E         0
                text6                               6D8      6D8        D         0
                text5                               6E5      6E5       13         0
                text4                               712      712       1B         0
                text3                               72D      72D       1B         0
                text2                               6CF      6CF        9         0
                text1                               7B9      7B9       31         0
                maintext                            6F8      6F8       1A         0
                clrtext                             6C9      6C9        6         0
                idataBANK0                          6C7      6C7        2         0

        CLASS   STRCODE        
                stringtext                          800      800       17         0

        CLASS   STRING         

        CLASS   CONST          

        CLASS   ENTRY          

        CLASS   COMMON         
                cstackCOMMON                         70       70        9         1
                bssCOMMON                            79       79        4         1
                nvCOMMON                             7D       7D        1         1

        CLASS   BANK0          
                dataBANK0                            38       38        2         1
                bssBANK0                             20       20       18         1

        CLASS   BANK1          

        CLASS   BANK2          

        CLASS   BANK3          

        CLASS   BANK4          

        CLASS   BANK5          

        CLASS   BANK6          

        CLASS   BIGRAM         

        CLASS   RAM            

        CLASS   ABS1           
                abs_s1                               7E       7E        2         1

        CLASS   SFR0           

        CLASS   SFR1           

        CLASS   SFR2           

        CLASS   SFR3           

        CLASS   SFR4           

        CLASS   SFR5           

        CLASS   SFR6           

        CLASS   SFR7           

        CLASS   SFR8           

        CLASS   SFR9           

        CLASS   SFR10          

        CLASS   SFR11          

        CLASS   SFR12          

        CLASS   SFR13          

        CLASS   SFR14          

        CLASS   SFR15          

        CLASS   SFR16          

        CLASS   SFR17          

        CLASS   SFR18          

        CLASS   SFR19          

        CLASS   SFR20          

        CLASS   SFR21          

        CLASS   SFR22          

        CLASS   SFR23          

        CLASS   SFR24          

        CLASS   SFR25          

        CLASS   SFR26          

        CLASS   SFR27          

        CLASS   SFR28          

        CLASS   SFR29          

        CLASS   SFR30          

        CLASS   SFR31          

        CLASS   CONFIG         

        CLASS   IDLOC          

        CLASS   BANK31         

        CLASS   BANK30         

        CLASS   BANK29         

        CLASS   BANK28         

        CLASS   BANK27         

        CLASS   BANK26         

        CLASS   BANK25         

        CLASS   BANK24         

        CLASS   BANK23         

        CLASS   BANK22         

        CLASS   BANK21         

        CLASS   BANK20         

        CLASS   BANK19         

        CLASS   BANK18         

        CLASS   BANK17         

        CLASS   BANK16         

        CLASS   BANK15         

        CLASS   BANK14         

        CLASS   BANK13         

        CLASS   BANK12         

        CLASS   BANK11         

        CLASS   BANK10         

        CLASS   BANK9          

        CLASS   BANK8          

        CLASS   BANK7          

        CLASS   EEDATA         



SEGMENTS        Name                           Load    Length   Top    Selector   Space  Class     Delta

                reset_vec                      000000  000004  000004         0       0  CODE        2
                bssBANK0                       000020  00001A  00003A        20       1  BANK0       1
                cstackCOMMON                   000070  00000E  00007E        70       1  COMMON      1
                idataBANK0                     0006C7  000002  0006C9       D8E       0  CODE        2
                clrtext                        0006C9  000006  0006CF       D92       0  CODE        2
                text2                          0006CF  000009  0006D8       D9E       0  CODE        2
                text6                          0006D8  00000D  0006E5       DB0       0  CODE        2
                text5                          0006E5  000013  0006F8       DCA       0  CODE        2
                maintext                       0006F8  00001A  000712       DF0       0  CODE        2
                text4                          000712  00001B  00072D       E24       0  CODE        2
                text3                          00072D  00001B  000748       E5A       0  CODE        2
                text7                          000748  00001E  000766       E90       0  CODE        2
                text8                          000766  000029  00078F       ECC       0  CODE        2
                text9                          00078F  00002A  0007B9       F1E       0  CODE        2
                text1                          0007B9  000031  0007EA       F72       0  CODE        2
                cinit                          0007EA  000016  000800       FD4       0  CODE        2
                stringtext                     000800  000017  000817      1000       0  STRCODE     2


UNUSED ADDRESS RANGES

        Name                Unused          Largest block    Delta
        BANK0            003A-006F             36           1
        BANK1            00A0-00EF             50           1
        BANK2            0120-016F             50           1
        BANK3            01A0-01EF             50           1
        BANK4            0220-026F             50           1
        BANK5            02A0-02EF             50           1
        BANK6            0320-032F             10           1
        BIGRAM           2000-21EF            1F0           1
        CODE             0004-06C6            6C3           2
                         0817-1FFF            800
        CONFIG           8007-8008              2           2
        CONST            0004-06C6            100           2
                         0817-1FFF            100
        ENTRY            0004-06C6            100           2
                         0817-1FFF            100
        IDLOC            8000-8003              4           2
        RAM              003A-006F             36           1
                         00A0-00EF             50
                         0120-016F             50
                         01A0-01EF             50
                         0220-026F             50
                         02A0-02EF             50
                         0320-032F             10
        SFR0             0000-001F             20           1
        SFR1             0080-009F             20           1
        SFR10            0500-056F             70           1
        SFR11            0580-05EF             70           1
        SFR12            0600-066F             70           1
        SFR13            0680-06EF             70           1
        SFR14            0700-076F             70           1
        SFR15            0780-07EF             70           1
        SFR16            0800-086F             70           1
        SFR17            0880-08EF             70           1
        SFR18            0900-096F             70           1
        SFR19            0980-09EF             70           1
        SFR2             0100-011F             20           1
        SFR20            0A00-0A6F             70           1
        SFR21            0A80-0AEF             70           1
        SFR22            0B00-0B6F             70           1
        SFR23            0B80-0BEF             70           1
        SFR24            0C00-0C6F             70           1
        SFR25            0C80-0CEF             70           1
        SFR26            0D00-0D6F             70           1
        SFR27            0D80-0DEF             70           1
        SFR28            0E00-0E6F             70           1
        SFR29            0E80-0EEF             70           1
        SFR3             0180-019F             20           1
        SFR30            0F00-0F6F             70           1
        SFR31            0F80-0FEF             70           1
        SFR4             0200-021F             20           1
        SFR5             0280-029F             20           1
        SFR6             0300-031F             20           1
        SFR7             0380-03EF             70           1
        SFR8             0400-046F             70           1
        SFR9             0480-04EF             70           1
        STACK            201A-21EF            1D6           1
        STRCODE          0004-06C6            6C3           2
                         0817-1FFF           17E9
        STRING           0004-06C6            100           2
                         0817-1FFF            100

                                  Symbol Table

OS_AddThreads@func1      cstackCOMMON 0070
OS_AddThreads@func2      cstackCOMMON 0072
OS_AddThreads@func3      cstackCOMMON 0074
OS_AddThreads@func4      cstackCOMMON 0076
OS_Scheduler@PrvRunPt    cstackCOMMON 0076
OS_Scheduler@sleep       cstackCOMMON 0077
OS_Signal@pt             cstackCOMMON 0072
OS_Signal@semaPt         cstackCOMMON 0071
OS_Signal@wBlocked       cstackCOMMON 0070
OS_Wait@ret              cstackCOMMON 0071
OS_Wait@semaPt           cstackCOMMON 0072
_OS_AddThreads           text9        078F
_OS_Launch               text2        06CF
_OS_Scheduler            text1        07B9
_OS_Signal               text8        0766
_OS_Wait                 text7        0748
_RunPt                   nvCOMMON     007D
__Habs1                  abs1         0000
__Hbank0                 bank0        0000
__Hbank1                 bank1        0000
__Hbank10                bank10       0000
__Hbank11                bank11       0000
__Hbank12                bank12       0000
__Hbank13                bank13       0000
__Hbank14                bank14       0000
__Hbank15                bank15       0000
__Hbank16                bank16       0000
__Hbank17                bank17       0000
__Hbank18                bank18       0000
__Hbank19                bank19       0000
__Hbank2                 bank2        0000
__Hbank20                bank20       0000
__Hbank21                bank21       0000
__Hbank22                bank22       0000
__Hbank23                bank23       0000
__Hbank24                bank24       0000
__Hbank25                bank25       0000
__Hbank26                bank26       0000
__Hbank27                bank27       0000
__Hbank28                bank28       0000
__Hbank29                bank29       0000
__Hbank3                 bank3        0000
__Hbank30                bank30       0000
__Hbank31                bank31       0000
__Hbank4                 bank4        0000
__Hbank5                 bank5        0000
__Hbank6                 bank6        0000
__Hbank7                 bank7        0000
__Hbank8                 bank8        0000
__Hbank9                 bank9        0000
__Hbigram                bigram       0000
__HbssBANK0              bssBANK0     0000
__HbssCOMMON             bssCOMMON    0000
__Hcinit                 cinit        0800
__Hclrtext               clrtext      0000
__Hcode                  code         0000
__Hcommon                common       0000
__Hconfig                config       0000
__HcstackCOMMON          cstackCOMMON 0000
__HdataBANK0             dataBANK0    0000
__Heeprom_data           eeprom_data  0000
__Hend_init              end_init     0004
__Hfunctab               functab      0000
__HidataBANK0            idataBANK0   0000
__Hidloc                 idloc        0000
__Hinit                  init         0002
__Hintentry              intentry     0002
__Hmaintext              maintext     0000
__HnvCOMMON              nvCOMMON     0000
__Hpowerup               powerup      0000
__Hram                   ram          0000
__Hreset_vec             reset_vec    0002
__Hsfr0                  sfr0         0000
__Hsfr1                  sfr1         0000
__Hsfr10                 sfr10        0000
__Hsfr11                 sfr11        0000
__Hsfr12                 sfr12        0000
__Hsfr13                 sfr13        0000
__Hsfr14                 sfr14        0000
__Hsfr15                 sfr15        0000
__Hsfr16                 sfr16        0000
__Hsfr17                 sfr17        0000
__Hsfr18                 sfr18        0000
__Hsfr19                 sfr19        0000
__Hsfr2                  sfr2         0000
__Hsfr20                 sfr20        0000
__Hsfr21                 sfr21        0000
__Hsfr22                 sfr22        0000
__Hsfr23                 sfr23        0000
__Hsfr24                 sfr24        0000
__Hsfr25                 sfr25        0000
__Hsfr26                 sfr26        0000
__Hsfr27                 sfr27        0000
__Hsfr28                 sfr28        0000
__Hsfr29                 sfr29        0000
__Hsfr3                  sfr3         0000
__Hsfr30                 sfr30        0000
__Hsfr31                 sfr31        0000
__Hsfr4                  sfr4         0000
__Hsfr5                  sfr5         0000
__Hsfr6                  sfr6         0000
__Hsfr7                  sfr7         0000
__Hsfr8                  sfr8         0000
__Hsfr9                  sfr9         0000
__Hspace_0               (abs)        0817
__Hspace_1               (abs)        007E
__Hspace_2               (abs)        0000
__Hspace_3               (abs)        0000
__Hstack                 stack        0000
__Hstrings               strings      0000
__Hstringtext            stringtext   0000
__Htext                  text         0000
__Labs1                  abs1         0000
__Lbank0                 bank0        0000
__Lbank1                 bank1        0000
__Lbank10                bank10       0000
__Lbank11                bank11       0000
__Lbank12                bank12       0000
__Lbank13                bank13       0000
__Lbank14                bank14       0000
__Lbank15                bank15       0000
__Lbank16                bank16       0000
__Lbank17                bank17       0000
__Lbank18                bank18       0000
__Lbank19                bank19       0000
__Lbank2                 bank2        0000
__Lbank20                bank20       0000
__Lbank21                bank21       0000
__Lbank22                bank22       0000
__Lbank23                bank23       0000
__Lbank24                bank24       0000
__Lbank25                bank25       0000
__Lbank26                bank26       0000
__Lbank27                bank27       0000
__Lbank28                bank28       0000
__Lbank29                bank29       0000
__Lbank3                 bank3        0000
__Lbank30                bank30       0000
__Lbank31                bank31       0000
__Lbank4                 bank4        0000
__Lbank5                 bank5        0000
__Lbank6                 bank6        0000
__Lbank7                 bank7        0000
__Lbank8                 bank8        0000
__Lbank9                 bank9        0000
__Lbigram                bigram       0000
__LbssBANK0              bssBANK0     0000
__LbssCOMMON             bssCOMMON    0000
__Lcinit                 cinit        07EA
__Lclrtext               clrtext      0000
__Lcode                  code         0000
__Lcommon                common       0000
__Lconfig                config       0000
__LcstackCOMMON          cstackCOMMON 0000
__LdataBANK0             dataBANK0    0000
__Leeprom_data           eeprom_data  0000
__Lend_init              end_init     0002
__Lfunctab               functab      0000
__LidataBANK0            idataBANK0   0000
__Lidloc                 idloc        0000
__Linit                  init         0002
__Lintentry              intentry     0002
__Lmaintext              maintext     0000
__LnvCOMMON              nvCOMMON     0000
__Lpowerup               powerup      0000
__Lram                   ram          0000
__Lreset_vec             reset_vec    0000
__Lsfr0                  sfr0         0000
__Lsfr1                  sfr1         0000
__Lsfr10                 sfr10        0000
__Lsfr11                 sfr11        0000
__Lsfr12                 sfr12        0000
__Lsfr13                 sfr13        0000
__Lsfr14                 sfr14        0000
__Lsfr15                 sfr15        0000
__Lsfr16                 sfr16        0000
__Lsfr17                 sfr17        0000
__Lsfr18                 sfr18        0000
__Lsfr19                 sfr19        0000
__Lsfr2                  sfr2         0000
__Lsfr20                 sfr20        0000
__Lsfr21                 sfr21        0000
__Lsfr22                 sfr22        0000
__Lsfr23                 sfr23        0000
__Lsfr24                 sfr24        0000
__Lsfr25                 sfr25        0000
__Lsfr26                 sfr26        0000
__Lsfr27                 sfr27        0000
__Lsfr28                 sfr28        0000
__Lsfr29                 sfr29        0000
__Lsfr3                  sfr3         0000
__Lsfr30                 sfr30        0000
__Lsfr31                 sfr31        0000
__Lsfr4                  sfr4         0000
__Lsfr5                  sfr5         0000
__Lsfr6                  sfr6         0000
__Lsfr7                  sfr7         0000
__Lsfr8                  sfr8         0000
__Lsfr9                  sfr9         0000
__Lspace_0               (abs)        0000
__Lspace_1               (abs)        0000
__Lspace_2               (abs)        0000
__Lspace_3               (abs)        0000
__Lstack                 stack        0000
__Lstrings               strings      0000
__Lstringtext            stringtext   0000
__Ltext                  text         0000
__S0                     (abs)        0817
__S1                     (abs)        007E
__S2                     (abs)        0000
___int_sp                stack        0000
___latbits               (abs)        0002
___sp                    stack        0000
__end_of_OS_AddThreads   text9        07B9
__end_of_OS_Launch       text2        06D8
__end_of_OS_Scheduler    text1        07EA
__end_of_OS_Signal       text8        078F
__end_of_OS_Wait         text7        0766
__end_of__initialization cinit        07FD
__end_of_main            maintext     0712
__end_of_task1           text5        06F8
__end_of_task2           text4        072D
__end_of_task3           text3        0748
__end_of_task4           text6        06E5
__initialization         cinit        07EA
__pbssBANK0              bssBANK0     0020
__pbssCOMMON             bssCOMMON    0079
__pcstackCOMMON          cstackCOMMON 0070
__pdataBANK0             dataBANK0    0038
__pidataBANK0            idataBANK0   06C7
__pmaintext              maintext     06F8
__pnvCOMMON              nvCOMMON     007D
__pstringtext            stringtext   0800
__ptext1                 text1        07B9
__ptext2                 text2        06CF
__ptext3                 text3        072D
__ptext4                 text4        0712
__ptext5                 text5        06E5
__ptext6                 text6        06D8
__ptext7                 text7        0748
__ptext8                 text8        0766
__ptext9                 text9        078F
__size_of_OS_AddThreads  (abs)        0000
__size_of_OS_Launch      (abs)        0000
__size_of_OS_Scheduler   (abs)        0000
__size_of_OS_Signal      (abs)        0000
__size_of_OS_Wait        (abs)        0000
__size_of_main           (abs)        0000
__size_of_task1          (abs)        0000
__size_of_task2          (abs)        0000
__size_of_task3          (abs)        0000
__size_of_task4          (abs)        0000
_i                       bssBANK0     0020
_j                       bssBANK0     0022
_k                       bssBANK0     0024
_l                       bssBANK0     0026
_main                    maintext     06F8
_sema1                   bssCOMMON    007A
_sema2                   bssCOMMON    007B
_sema3                   bssCOMMON    007C
_task1                   text5        06E5
_task2                   text4        0712
_task3                   text3        072D
_task4                   text6        06D8
_tcbs                    bssBANK0     0028
btemp                    (abs)        007E
clear_ram0               clrtext      06C9
end_of_initialization    cinit        07FD
intlevel0                functab      0000
intlevel1                functab      0000
intlevel2                functab      0000
intlevel3                functab      0000
intlevel4                functab      0000
intlevel5                functab      0000
ltemp                    (abs)        007E
ltemp0                   (abs)        007E
ltemp1                   (abs)        0082
ltemp2                   (abs)        0086
ltemp3                   (abs)        0080
reset_vec                reset_vec    0000
stackhi                  (abs)        21EF
stacklo                  (abs)        201A
start                    init         0002
start_initialization     cinit        07EA
ttemp                    (abs)        007E
ttemp0                   (abs)        007E
ttemp1                   (abs)        0081
ttemp2                   (abs)        0084
ttemp3                   (abs)        0087
ttemp4                   (abs)        007F
wtemp                    (abs)        007E
wtemp0                   (abs)        007E
wtemp1                   (abs)        0080
wtemp2                   (abs)        0082
wtemp3                   (abs)        0084
wtemp4                   (abs)        0086
wtemp5                   (abs)        0088
wtemp6                   (abs)        007F


FUNCTION INFORMATION:

 *************** function _main *****************
 Defined at:
		line 27 in file "main.c"
 Parameters:    Size  Location     Type
		None
 Auto vars:     Size  Location     Type
		None
 Return value:  Size  Location     Type
                  1    wreg      void 
 Registers used:
		wreg, fsr1l, fsr1h, status,2, status,0, pclath, cstack
 Tracked objects:
		On entry : 
		On exit  : 
		Unchanged: 
 Data sizes:     COMMON   BANK0   BANK1   BANK2   BANK3   BANK4   BANK5   BANK6
      Params:         0       0       0       0       0       0       0       0
      Locals:         0       0       0       0       0       0       0       0
      Temps:          0       0       0       0       0       0       0       0
      Totals:         0       0       0       0       0       0       0       0
Total ram usage:        0 bytes
 Hardware stack levels required when called:    3
 This function calls:
		_OS_AddThreads
		_OS_Launch
		_OS_Scheduler
 This function is called by:
		Startup code after reset
 This function uses a non-reentrant model


 *************** function _OS_Scheduler *****************
 Defined at:
		line 68 in file "projectOS.c"
 Parameters:    Size  Location     Type
		None
 Auto vars:     Size  Location     Type
  sleep           1    7[COMMON] unsigned char 
  PrvRunPt        1    6[COMMON] PTR struct tcb
		 -> NULL(0), tcbs(16), 
 Return value:  Size  Location     Type
                  1    wreg      void 
 Registers used:
		wreg, fsr1l, fsr1h, status,2, status,0, pclath, cstack
 Tracked objects:
		On entry : 
		On exit  : 
		Unchanged: 
 Data sizes:     COMMON   BANK0   BANK1   BANK2   BANK3   BANK4   BANK5   BANK6
      Params:         0       0       0       0       0       0       0       0
      Locals:         2       0       0       0       0       0       0       0
      Temps:          1       0       0       0       0       0       0       0
      Totals:         3       0       0       0       0       0       0       0
Total ram usage:        3 bytes
 Hardware stack levels used:    1
 Hardware stack levels required when called:    2
 This function calls:
		_task1
		_task2
		_task3
		_task4
 This function is called by:
		_main
 This function uses a non-reentrant model


 *************** function _OS_Launch *****************
 Defined at:
		line 55 in file "projectOS.c"
 Parameters:    Size  Location     Type
		None
 Auto vars:     Size  Location     Type
		None
 Return value:  Size  Location     Type
                  1    wreg      void 
 Registers used:
		wreg, fsr1l, fsr1h, status,2, status,0, pclath, cstack
 Tracked objects:
		On entry : 
		On exit  : 
		Unchanged: 
 Data sizes:     COMMON   BANK0   BANK1   BANK2   BANK3   BANK4   BANK5   BANK6
      Params:         0       0       0       0       0       0       0       0
      Locals:         0       0       0       0       0       0       0       0
      Temps:          0       0       0       0       0       0       0       0
      Totals:         0       0       0       0       0       0       0       0
Total ram usage:        0 bytes
 Hardware stack levels used:    1
 Hardware stack levels required when called:    2
 This function calls:
		_task1
		_task2
		_task3
		_task4
 This function is called by:
		_main
 This function uses a non-reentrant model


 *************** function _task3 *****************
 Defined at:
		line 58 in file "main.c"
 Parameters:    Size  Location     Type
		None
 Auto vars:     Size  Location     Type
		None
 Return value:  Size  Location     Type
                  1    wreg      void 
 Registers used:
		wreg, fsr1l, fsr1h, status,2, status,0, pclath, cstack
 Tracked objects:
		On entry : 
		On exit  : 
		Unchanged: 
 Data sizes:     COMMON   BANK0   BANK1   BANK2   BANK3   BANK4   BANK5   BANK6
      Params:         0       0       0       0       0       0       0       0
      Locals:         0       0       0       0       0       0       0       0
      Temps:          2       0       0       0       0       0       0       0
      Totals:         2       0       0       0       0       0       0       0
Total ram usage:        2 bytes
 Hardware stack levels used:    1
 Hardware stack levels required when called:    1
 This function calls:
		_OS_Signal
		_OS_Wait
 This function is called by:
		_main
		_OS_Launch
		_OS_Scheduler
 This function uses a non-reentrant model


 *************** function _task2 *****************
 Defined at:
		line 47 in file "main.c"
 Parameters:    Size  Location     Type
		None
 Auto vars:     Size  Location     Type
		None
 Return value:  Size  Location     Type
                  1    wreg      void 
 Registers used:
		wreg, fsr1l, fsr1h, status,2, status,0, pclath, cstack
 Tracked objects:
		On entry : 
		On exit  : 
		Unchanged: 
 Data sizes:     COMMON   BANK0   BANK1   BANK2   BANK3   BANK4   BANK5   BANK6
      Params:         0       0       0       0       0       0       0       0
      Locals:         0       0       0       0       0       0       0       0
      Temps:          2       0       0       0       0       0       0       0
      Totals:         2       0       0       0       0       0       0       0
Total ram usage:        2 bytes
 Hardware stack levels used:    1
 Hardware stack levels required when called:    1
 This function calls:
		_OS_Signal
		_OS_Wait
 This function is called by:
		_main
		_OS_Launch
		_OS_Scheduler
 This function uses a non-reentrant model


 *************** function _task1 *****************
 Defined at:
		line 39 in file "main.c"
 Parameters:    Size  Location     Type
		None
 Auto vars:     Size  Location     Type
		None
 Return value:  Size  Location     Type
                  1    wreg      void 
 Registers used:
		wreg, fsr1l, fsr1h, status,2, status,0, pclath, cstack
 Tracked objects:
		On entry : 
		On exit  : 
		Unchanged: 
 Data sizes:     COMMON   BANK0   BANK1   BANK2   BANK3   BANK4   BANK5   BANK6
      Params:         0       0       0       0       0       0       0       0
      Locals:         0       0       0       0       0       0       0       0
      Temps:          2       0       0       0       0       0       0       0
      Totals:         2       0       0       0       0       0       0       0
Total ram usage:        2 bytes
 Hardware stack levels used:    1
 Hardware stack levels required when called:    1
 This function calls:
		_OS_Signal
 This function is called by:
		_main
		_OS_Launch
		_OS_Scheduler
 This function uses a non-reentrant model


 *************** function _task4 *****************
 Defined at:
		line 68 in file "main.c"
 Parameters:    Size  Location     Type
		None
 Auto vars:     Size  Location     Type
		None
 Return value:  Size  Location     Type
                  1    wreg      void 
 Registers used:
		wreg, fsr1l, fsr1h, status,2, status,0, pclath, cstack
 Tracked objects:
		On entry : 
		On exit  : 
		Unchanged: 
 Data sizes:     COMMON   BANK0   BANK1   BANK2   BANK3   BANK4   BANK5   BANK6
      Params:         0       0       0       0       0       0       0       0
      Locals:         0       0       0       0       0       0       0       0
      Temps:          0       0       0       0       0       0       0       0
      Totals:         0       0       0       0       0       0       0       0
Total ram usage:        0 bytes
 Hardware stack levels used:    1
 Hardware stack levels required when called:    1
 This function calls:
		_OS_Wait
 This function is called by:
		_main
		_OS_Launch
		_OS_Scheduler
 This function uses a non-reentrant model


 *************** function _OS_Wait *****************
 Defined at:
		line 106 in file "projectOS.c"
 Parameters:    Size  Location     Type
  semaPt          1    wreg     PTR char 
		 -> sema3(1), sema2(1), sema1(1), 
 Auto vars:     Size  Location     Type
  semaPt          1    2[COMMON] PTR char 
		 -> sema3(1), sema2(1), sema1(1), 
  ret             1    1[COMMON] unsigned char 
 Return value:  Size  Location     Type
                  1    wreg      unsigned char 
 Registers used:
		wreg, fsr1l, fsr1h, status,2, status,0
 Tracked objects:
		On entry : 
		On exit  : 
		Unchanged: 
 Data sizes:     COMMON   BANK0   BANK1   BANK2   BANK3   BANK4   BANK5   BANK6
      Params:         0       0       0       0       0       0       0       0
      Locals:         2       0       0       0       0       0       0       0
      Temps:          1       0       0       0       0       0       0       0
      Totals:         3       0       0       0       0       0       0       0
Total ram usage:        3 bytes
 Hardware stack levels used:    1
 This function calls:
		Nothing
 This function is called by:
		_task2
		_task3
		_task4
 This function uses a non-reentrant model


 *************** function _OS_Signal *****************
 Defined at:
		line 130 in file "projectOS.c"
 Parameters:    Size  Location     Type
  semaPt          1    wreg     PTR char 
		 -> sema3(1), sema2(1), sema1(1), 
 Auto vars:     Size  Location     Type
  semaPt          1    1[COMMON] PTR char 
		 -> sema3(1), sema2(1), sema1(1), 
  pt              1    2[COMMON] PTR struct tcb
		 -> tcbs(16), 
  wBlocked        1    0[COMMON] PTR char 
		 -> NULL(0), sema3(1), sema2(1), sema1(1), 
 Return value:  Size  Location     Type
                  1    wreg      void 
 Registers used:
		wreg, fsr1l, fsr1h, status,2, status,0
 Tracked objects:
		On entry : 
		On exit  : 
		Unchanged: 
 Data sizes:     COMMON   BANK0   BANK1   BANK2   BANK3   BANK4   BANK5   BANK6
      Params:         0       0       0       0       0       0       0       0
      Locals:         3       0       0       0       0       0       0       0
      Temps:          0       0       0       0       0       0       0       0
      Totals:         3       0       0       0       0       0       0       0
Total ram usage:        3 bytes
 Hardware stack levels used:    1
 This function calls:
		Nothing
 This function is called by:
		_task1
		_task2
		_task3
 This function uses a non-reentrant model


 *************** function _OS_AddThreads *****************
 Defined at:
		line 29 in file "projectOS.c"
 Parameters:    Size  Location     Type
  func1           2    0[COMMON] PTR FTN()void 
		 -> task1(1), 
  func2           2    2[COMMON] PTR FTN()void 
		 -> task2(1), 
  func3           2    4[COMMON] PTR FTN()void 
		 -> task3(1), 
  func4           2    6[COMMON] PTR FTN()void 
		 -> task4(1), 
 Auto vars:     Size  Location     Type
		None
 Return value:  Size  Location     Type
                  1    wreg      void 
 Registers used:
		wreg, status,2
 Tracked objects:
		On entry : 
		On exit  : 
		Unchanged: 
 Data sizes:     COMMON   BANK0   BANK1   BANK2   BANK3   BANK4   BANK5   BANK6
      Params:         8       0       0       0       0       0       0       0
      Locals:         0       0       0       0       0       0       0       0
      Temps:          1       0       0       0       0       0       0       0
      Totals:         9       0       0       0       0       0       0       0
Total ram usage:        9 bytes
 Hardware stack levels used:    1
 This function calls:
		Nothing
 This function is called by:
		_main
 This function uses a non-reentrant model



MODULE INFORMATION

Module		Function		Class		Link	Load	Size
projectOS.c
		_OS_Signal     		CODE           	0766	0000	42
		_OS_Scheduler  		CODE           	07B9	0000	50
		_OS_Wait       		CODE           	0748	0000	31
		_OS_AddThreads 		CODE           	078F	0000	43
		_OS_Launch     		CODE           	06CF	0000	10

projectOS.c estimated size: 176

shared
		__initialization		CODE           	07EA	0000	20

shared estimated size: 20

main.c
		_task2         		CODE           	0712	0000	28
		_main          		CODE           	06F8	0000	27
		_task3         		CODE           	072D	0000	28
		_task4         		CODE           	06D8	0000	14
		_task1         		CODE           	06E5	0000	20

main.c estimated size: 117

